## [SQL SELECT 语句](https://www.guru99.com/select-statement.html)

- The SQL SELECT keyword is used to query data from the database and it's the most commonly used command.
最常用的语句

- The simplest form has the syntax "SELECT * FROM tableName;"
最简单的用法 查询出 某个表中所有列、所有行

- The SQL SELECT command can also have other optional parameters such as WHERE, GROUP BY, HAVING, ORDER BY. They will be discussed later.
select后面还可以跟其他的语句，如 WHERE, GROUP BY, HAVING, ORDER BY

### SQL SELECT statement syntax
```sql
SELECT [DISTINCT|ALL ] { * | [fieldExpression [AS newName]} FROM tableName [alias] 
[WHERE condition]
[GROUP BY fieldName(s)]  
[HAVING condition] 
ORDER BY fieldName(s)
```

- SELECT is the SQL keyword that lets the database know that you want to retrieve data.
- [DISTINCT | ALL] are optional keywords that can be used to fine tune the results returned from the SQL SELECT statement. If nothing is specified then ALL is assumed as the default.
- {*| [fieldExpression [AS newName]} at least one part must be specified, "*" selected all the fields from the specified table name, fieldExpression performs some computations on the specified fields such as adding numbers or putting together two string fields into one.
- FROM tableName is mandatory and must contain at least one table, multiple tables must be separated using commas or joined using the JOIN keyword.
- WHERE condition is optional, it can be used to specify criteria in the result set returned from the query.
- GROUP BY is used to put together records that have the same field values.
- HAVING condition is used to specify criteria when working using the GROUP BY keyword.
- ORDER BY is used to specify the sort order of the result set.

mysql> show tables;
+------------------+
| Tables_in_spider |
+------------------+
| lagou_job        |
| qiushi           |
+------------------+
2 rows in set (0.24 sec)


## select * from `table_name`
The Star symbol is used to select all the columns in table.

```
mysql> select * from qiushi;
```
数据很多很慢 列出250条

## select column1,column2,column3 from `table_name`

mysql> select username,sex,age from qiushi;
+--------------------------------------+-------+------+
| username                             | sex   | age  |
+--------------------------------------+-------+------+
| tonoon                               | man   |   20 |
| 鱼歌浅唱                              | woman |   79 |
| 无书斋主                              | man   |   41 |
| 夲少姓〖劉〗                           | man   |   28 |
| zqwxmh                               | man   |   28 |
| 婉若い清风                             | woman |   99 |
| 哈和嗨                                | man   |   31 |
+--------------------------------------+-------+------+
250 rows in set (0.44 sec)

在
Server version: 8.0.20 MySQL Community Server - GPL

```sql
mysql> select * from analyze;
ERROR 1064 (42000): You have an error in your SQL syntax; check the manual that corresponds to your MySQL server version for the right syntax to use near 'analyze' at line 1
```
原因在于语句不规范，虽然其他的表可以查出来，使用下面的形式不会出现问题

```sql
mysql> select * from `analyze`;

7 rows in set (0.00 sec)
```

## select distinct
```sql
mysql> select * from oauths;
+----+---------+------------+----------+---------+------------+
| id | user_id | oauth_type | oauth_id | unionid | credential |
+----+---------+------------+----------+---------+------------+
|  1 |       1 | weibo      | openid   | 123456  |            |
|  2 |       4 | weibo      | openid   | 654321  |            |
|  3 |       5 | qq         | uid      | 222222  |            |
+----+---------+------------+----------+---------+------------+
3 rows in set (0.00 sec)

mysql> select distinct oauth_type as type from oauths;
+-------+
| type  |
+-------+
| weibo |
| qq    |
+-------+
2 rows in set (0.00 sec)
```

## select as 重命名所选字段
```sql
mysql> select username as user, age, sex from qiushi limit 4;
+--------------------+------+-------+
| user               | age  | sex   |
+--------------------+------+-------+
| tonoon             |   20 | man   |
| 鱼歌浅唱            |   79 | woman |
| 无书斋主            |   41 | man   |
| 夲少姓〖劉〗         |   28 | man   |
+--------------------+------+-------+
4 rows in set (0.29 sec)
```

### select count
```sql
mysql> select count(*) from oauths;
+----------+
| count(*) |
+----------+
|        3 |
+----------+
1 row in set (0.09 sec)

mysql> select count(*) as total from oauths;
+-------+
| total |
+-------+
|     3 |
+-------+
1 row in set (0.06 sec)

mysql> select count(distinct oauth_type) as type_total from oauths;
+------------+
| type_total |
+------------+
|          2 |
+------------+
1 row in set (0.00 sec)

# 加上where 限制
mysql> select count(*) as total from users where avatar_url != '';
+-------+
| total |
+-------+
|     5 |
+-------+
1 row in set (0.01 sec)
```

## [WHERE参考](./where.md)
